<!DOCTYPE html>
<html lang="en">
	<head>
		<meta charset="UTF-8">
		<title>Golden - studio</title>
		<link rel="stylesheet" href="css/style.css"/>
	</head>
	<body>
		<header>
			<div class="container">
				<div class="clearfix">
					<img src="img/logo.png" alt="Golden" class="logo">
					<nav>
						<ul class="navbar">
							<li>
								<a href="#">home</a>
								<a href="#services">services</a>
								<a href="#portfolio">portfolio</a>
								<a href="#about">about</a>
								<a href="#contact">contact</a>
							</li>
						</ul>
					</nav>
				</div>
				<p class="title_first">welcome to our studio!</p>
				<h1>it's nice to meet you!</h1>
				<a href="#" class="button">tell me more</a>
				
			</div>
		</header>
		<section id="services">
			<div class="container">
				<div class="title">
					<h2>services</h2>
					<p>Proin iaculis purus consequat sem cure.</p>
				</div>
				<div class="clearfix">
					<div class="section">
						<img src="img/icon1.png" alt="">
						<h3>E-Commerce</h3>
						<p>Proin iaculis purus consequat sem cure
							digni ssim. Donec porttitora entum suscipit
						aenean rhoncus posuere odio in tincidunt.</p>
					</div>
					<div class="section">
						<img src="img/icon2.png" alt="">
						<h3>Responsive Web</h3>
						<p>Proin iaculis purus consequat sem cure
							digni ssim. Donec porttitora entum suscipit
						aenean rhoncus posuere odio in tincidunt.</p>
					</div>
					<div class="section">
						<img src="img/icon3.png" alt="">
						<h3>Web Security</h3>
						<p>Proin iaculis purus consequat sem cure
							digni ssim. Donec porttitora entum suscipit
						aenean rhoncus posuere odio in tincidunt.</p>
					</div>
				</div>
			</div>
		</section>
		<section id="portfolio">
			<div class="container">
				<div class="title">
					<h2>portfolio</h2>
					<p>Proin iaculis purus consequat sem cure.</p>
				</div>
				<div class="image">
					<a href="#"><img src="img/img1.jpg" alt=""></a>
					<a href="#"><img src="img/img2.jpg" alt=""></a>
					<a href="#"><img src="img/img3.jpg" alt=""></a>
				</div>
			</div>
		</section>
		<section id="about">
			<div class="container">
				<div class="title">
					<h2>about us</h2>
					<p>Proin iaculis purus consequat sem cure.</p>
				</div>
				<table>
					<tr>
						<td><div class="leftside">
							<img class="leftimage" src="img/about1.jpg" alt="">
							<h4><span>July 2010</span><br/>Our Humble Beginnings<h4>
							<br/>
							<p>Proin iaculis purus consequat sem cure
								digni ssim. Donec porttitora entum suscipit
								aenean rhoncus posuere odio in tincidunt. Proin
								iaculis purus consequat sem cure digni
							ssim. Donec porttitora entum suscipit.</p>
						</div>
					</td>
					<td></td>
				</tr>
				<tr>
					<td>
						
					</td>
					<td>
						<div class="rightside">
							<img class="rightimage" src="img/about2.jpg" alt="">
							<h4><span>January 2011</span><br/>Our Humble Beginnings<h4>
							<br/>
							<p>Proin iaculis purus consequat sem cure
								digni ssim. Donec porttitora entum suscipit
								aenean rhoncus posuere odio in tincidunt. Proin
								iaculis purus consequat sem cure digni
							ssim. Donec porttitora entum suscipit.</p>
						</div>
						
					</td>
				</tr>
				<tr>
						<td><div class="leftside">
							<img class="leftimage" src="img/about3.jpg" alt="">
							<h4><span>December 2010</span><br/>Our Humble Beginnings<h4>
							<br/>
							<p>Proin iaculis purus consequat sem cure
								digni ssim. Donec porttitora entum suscipit
								aenean rhoncus posuere odio in tincidunt. Proin
								iaculis purus consequat sem cure digni
							ssim. Donec porttitora entum suscipit.</p>
						</div>
					</td>
					<td></td>
				</tr>
				<tr>
					<td>
						
					</td>
					<td>
						<div class="rightside">
							<img class="rightimage" src="img/about4.jpg" alt="">
							<h4><span>April 2012</span><br/>Our Humble Beginnings<h4>
							<br/>
							<p>Proin iaculis purus consequat sem cure
								digni ssim. Donec porttitora entum suscipit
								aenean rhoncus posuere odio in tincidunt. Proin
								iaculis purus consequat sem cure digni
							ssim. Donec porttitora entum suscipit.</p>
						</div>
						
					</td>
				</tr>
			</table>
			
		</div>
	</section>
	<footer>
		<div class="container">
			<p class="copyright">Copyright 2014 FreebiesXpress.com</p>
		</div>
		
	</footer>
</body>
</html>